// Vitest Snapshot v1

exports[`test webpages > 001: should support get all pages > search result 1`] = `
[
  {
    "annotateCount": 0,
    "content": [
      {
        "content": " IntroductionHamsterBase is a self-hosted, local-first web archive application. You can easy highlight and annotate pages, valuing privacy and security.",
        "type": "text",
      },
    ],
    "createTime": null,
    "ext": "mhtml",
    "firstAddTime": null,
    "id": "bcf1e35729685a87ce18733080eaf0f80fec0c81a5a4608ef5b3f0272a37851f",
    "liked": false,
    "link": "https://hamsterbase.com/docs/what-is-hamsterbase.html",
    "read": false,
    "title": [
      {
        "content": "What is ",
        "type": "text",
      },
      {
        "content": "HamsterBase",
        "type": "mark",
      },
      {
        "content": " | ",
        "type": "text",
      },
      {
        "content": "HamsterBase",
        "type": "mark",
      },
      {
        "content": "",
        "type": "text",
      },
    ],
  },
  {
    "annotateCount": 0,
    "content": [
      {
        "content": "
      
    



      


    
      

  
    
    Labels
      9
  
    
    Milestones
      0


    
  
    
    New issue
  
  
          
  
    Have a question about this project? Sign up for a free GitHub account to open an issue and contact its maintainers and the community.
  

  

  By clicking “Sign up for GitHub”, you agree to our terms of service and
  privacy...",
        "type": "text",
      },
    ],
    "createTime": null,
    "ext": "webarchive",
    "firstAddTime": null,
    "id": "b03e82c2b622df1f039ecba4910f464becf5600b12425ea3d1f65d4c17d70d8d",
    "liked": false,
    "link": "https://github.com/hamsterbase/hamsterbase/issues",
    "read": false,
    "title": [
      {
        "content": "Issues · ",
        "type": "text",
      },
      {
        "content": "hamsterbase",
        "type": "mark",
      },
      {
        "content": "/",
        "type": "text",
      },
      {
        "content": "hamsterbase",
        "type": "mark",
      },
      {
        "content": " · GitHub",
        "type": "text",
      },
    ],
  },
  {
    "annotateCount": 0,
    "content": [
      {
        "content": "
 ",
        "type": "text",
      },
      {
        "content": "HamsterBase",
        "type": "mark",
      },
      {
        "content": "
Online Demo | EULA ｜ Privacy policy ｜ Credits

",
        "type": "text",
      },
      {
        "content": "HamsterBase",
        "type": "mark",
      },
      {
        "content": " is a self-hosted, local-first web archive application. You can easy highlight and annotate pages, valuing privacy and security.
Features

Store, manage, and preview HTML, MHTML and Webarchive documents...",
        "type": "text",
      },
    ],
    "createTime": null,
    "ext": "html",
    "firstAddTime": null,
    "id": "d4a1267d1f8a8eeb20d7b4b86a9d91839809e083ceb42366847ed5ed3a6cf254",
    "liked": false,
    "link": "https://github.com/hamsterbase/hamsterbase",
    "read": false,
    "title": [
      {
        "content": "GitHub - ",
        "type": "text",
      },
      {
        "content": "hamsterbase",
        "type": "mark",
      },
      {
        "content": "/",
        "type": "text",
      },
      {
        "content": "hamsterbase",
        "type": "mark",
      },
      {
        "content": ": self-hosted, local-first web archive application.",
        "type": "text",
      },
    ],
  },
]
`;
